MARS 4.5  Copyright 2003-2014 Pete Sanderson and Kenneth Vollmar

Array length: Enter the value of hulk power: Enter num: Hulk Sad :(
Hulk smashed 0 people

