MARS 4.5  Copyright 2003-2014 Pete Sanderson and Kenneth Vollmar

Array length: Enter the value of hulk power: Enter num: Enter num: Enter num: Hulk Sad :(
Hulk Sad :(
Hulk SMASH! >:(
Hulk smashed 1 people

