MARS 4.5  Copyright 2003-2014 Pete Sanderson and Kenneth Vollmar

How tall do you want the tower:       A 
     * * 
    * * * 
   * * * * 
  * * * * * 

