MARS 4.5  Copyright 2003-2014 Pete Sanderson and Kenneth Vollmar

Array length: Enter num: Enter num: Enter num: Enter num: Enter num: Enter r: 10 40 80 30 
10 40 80 10 
10 40 30 10 
10 80 30 10 
40 80 30 10 

