MARS 4.5  Copyright 2003-2014 Pete Sanderson and Kenneth Vollmar

Array length: Enter num: Enter num: Enter num: Enter r: 90 
40 
23 

