MARS 4.5  Copyright 2003-2014 Pete Sanderson and Kenneth Vollmar

Array length: Enter num: Enter num: 1 2 

